[2026-06-18 18:16:15][INFO][Thread-1741 (process_request_thread)] Max volume for XAUUSDm by order_calc_margin: 3.6738576158940393 (1 lot margin: 211.4)
[2026-06-18 18:16:15][WARNING][Thread-1741 (process_request_thread)] [LEVERAGE CAP] Capping maximum volume for XAUUSDm at 3.6738576158940393 based on 95% leverage limit (broker max: 200.0)
[2026-06-18 18:16:15][INFO][Thread-1740 (process_request_thread)] Max volume for XAUUSD-Z by order_calc_margin: 3.587058893093661 (1 lot margin: 422.8)
[2026-06-18 18:16:15][WARNING][Thread-1740 (process_request_thread)] [LEVERAGE CAP] Capping maximum volume for XAUUSD-Z at 3.587058893093661 based on 95% leverage limit (broker max: 25.0)
[2026-06-18 18:16:15][INFO][Thread-1745 (process_request_thread)] Max volume for XAUUSD by order_calc_margin: 7.05705298013245 (1 lot margin: 211.4)
[2026-06-18 18:16:15][WARNING][Thread-1745 (process_request_thread)] [LEVERAGE CAP] Capping maximum volume for XAUUSD at 7.05705298013245 based on 95% leverage limit (broker max: 200.0)
[2026-06-18 18:16:15][INFO][Thread-1746 (process_request_thread)] Max volume for XAUUSD by order_calc_margin: 9.407197596858886 (1 lot margin: 422.78)
[2026-06-18 18:16:15][WARNING][Thread-1746 (process_request_thread)] [LEVERAGE CAP] Capping maximum volume for XAUUSD at 9.407197596858886 based on 95% leverage limit (broker max: 100.0)
[2026-06-18 18:16:15][INFO][Thread-1740 (process_request_thread)] Max volume for XAUUSD by order_calc_margin: 1.1783560943996898 (1 lot margin: 2113.99)
[2026-06-18 18:16:15][WARNING][Thread-1740 (process_request_thread)] [LEVERAGE CAP] Capping maximum volume for XAUUSD at 1.1783560943996898 based on 95% leverage limit (broker max: 50.0)
[2026-06-18 18:16:15][INFO][Thread-1743 (process_request_thread)] Max volume for XAUUSDr by order_calc_margin: 8.851941816461682 (1 lot margin: 211.4)
[2026-06-18 18:16:15][INFO][Thread-1740 (process_request_thread)] Max volume for XAUUSD.r by order_calc_margin: 30.89118405336045 (1 lot margin: 845.57)
[2026-06-18 18:16:15][INFO][Thread-1742 (process_request_thread)] Max volume for XAUUSD by order_calc_margin: 7.082757805108797 (1 lot margin: 211.4)
[2026-06-18 18:16:15][WARNING][Thread-1742 (process_request_thread)] [LEVERAGE CAP] Capping maximum volume for XAUUSD at 7.082757805108797 based on 95% leverage limit (broker max: 200.0)
[2026-06-18 18:16:15][WARNING][Thread-1743 (process_request_thread)] [LEVERAGE CAP] Capping maximum volume for XAUUSDr at 8.851941816461682 based on 95% leverage limit (broker max: 200.0)
[2026-06-18 18:16:15][INFO][Thread-1740 (process_request_thread)] Max volume for XAUUSD+ by order_calc_margin: 18.800477192899464 (1 lot margin: 845.57)
[2026-06-18 18:16:15][WARNING][Thread-1740 (process_request_thread)] [LEVERAGE CAP] Capping maximum volume for XAUUSD+ at 18.800477192899464 based on 95% leverage limit (broker max: 100.0)
[2026-06-18 18:16:16][INFO][Thread-4059 (process_request_thread)] Max volume for XAUUSD by order_calc_margin: 58.33291229066136 (1 lot margin: 422.76)
[2026-06-18 18:16:16][WARNING][Thread-4059 (process_request_thread)] [LEVERAGE CAP] Capping maximum volume for XAUUSD at 58.33291229066136 based on 95% leverage limit (broker max: 100.0)
[2026-06-18 18:18:22][INFO][Thread-4372 (process_request_thread)] Successfully closed position 256969282.
[2026-06-18 18:18:22][INFO][Thread-1881 (process_request_thread)] Successfully closed position 1459650384.
[2026-06-18 18:18:22][INFO][Thread-1881 (process_request_thread)] Successfully closed position 8381850.
[2026-06-18 18:18:22][INFO][Thread-1881 (process_request_thread)] Successfully closed position 325588466.
[2026-06-18 18:18:22][INFO][Thread-1881 (process_request_thread)] Successfully closed position 1224089780.
[2026-06-18 18:18:22][INFO][Thread-1884 (process_request_thread)] Successfully closed position 1822774459.
[2026-06-18 18:18:22][INFO][Thread-1882 (process_request_thread)] Successfully closed position 1822774455.
[2026-06-18 18:18:22][INFO][Thread-1886 (process_request_thread)] Successfully closed position 1822774457.
[2026-06-18 18:18:22][INFO][Thread-1883 (process_request_thread)] Successfully closed position 1403618631.
[2026-06-18 18:18:30][INFO][Thread-1887 (process_request_thread)] Successfully closed position 1715565494.
[2026-06-18 18:18:58][INFO][Thread-1930 (process_request_thread)] Max volume for XAUUSD by order_calc_margin: 1.1857492753828767 (1 lot margin: 2114.91)
[2026-06-18 18:18:58][WARNING][Thread-1930 (process_request_thread)] [LEVERAGE CAP] Capping maximum volume for XAUUSD at 1.1857492753828767 based on 95% leverage limit (broker max: 50.0)
[2026-06-18 18:18:58][INFO][Thread-1936 (process_request_thread)] Max volume for XAUUSD by order_calc_margin: 9.50359363548242 (1 lot margin: 422.97)
[2026-06-18 18:18:58][WARNING][Thread-1936 (process_request_thread)] [LEVERAGE CAP] Capping maximum volume for XAUUSD at 9.50359363548242 based on 95% leverage limit (broker max: 100.0)
[2026-06-18 18:18:58][INFO][Thread-1932 (process_request_thread)] Max volume for XAUUSD by order_calc_margin: 7.097621636956829 (1 lot margin: 211.49)
[2026-06-18 18:18:58][WARNING][Thread-1932 (process_request_thread)] [LEVERAGE CAP] Capping maximum volume for XAUUSD at 7.097621636956829 based on 95% leverage limit (broker max: 200.0)
[2026-06-18 18:18:58][INFO][Thread-1933 (process_request_thread)] Max volume for XAUUSDr by order_calc_margin: 8.870814222894698 (1 lot margin: 211.49)
[2026-06-18 18:18:58][WARNING][Thread-1933 (process_request_thread)] [LEVERAGE CAP] Capping maximum volume for XAUUSDr at 8.870814222894698 based on 95% leverage limit (broker max: 200.0)
[2026-06-18 18:18:58][INFO][Thread-1930 (process_request_thread)] Max volume for XAUUSD+ by order_calc_margin: 18.895426443643238 (1 lot margin: 845.95)
[2026-06-18 18:18:58][WARNING][Thread-1930 (process_request_thread)] [LEVERAGE CAP] Capping maximum volume for XAUUSD+ at 18.895426443643238 based on 95% leverage limit (broker max: 100.0)
[2026-06-18 18:18:58][INFO][Thread-1935 (process_request_thread)] Max volume for XAUUSD by order_calc_margin: 7.069322426592273 (1 lot margin: 211.49)
[2026-06-18 18:18:58][WARNING][Thread-1935 (process_request_thread)] [LEVERAGE CAP] Capping maximum volume for XAUUSD at 7.069322426592273 based on 95% leverage limit (broker max: 200.0)
[2026-06-18 18:18:58][INFO][Thread-1930 (process_request_thread)] Max volume for XAUUSD-Z by order_calc_margin: 3.5928093526880702 (1 lot margin: 422.98)
[2026-06-18 18:18:58][WARNING][Thread-1930 (process_request_thread)] [LEVERAGE CAP] Capping maximum volume for XAUUSD-Z at 3.5928093526880702 based on 95% leverage limit (broker max: 25.0)
[2026-06-18 18:18:58][INFO][Thread-4478 (process_request_thread)] Max volume for XAUUSD by order_calc_margin: 58.68601134885921 (1 lot margin: 422.95)
[2026-06-18 18:18:58][WARNING][Thread-4478 (process_request_thread)] [LEVERAGE CAP] Capping maximum volume for XAUUSD at 58.68601134885921 based on 95% leverage limit (broker max: 100.0)
[2026-06-18 18:18:58][INFO][Thread-1930 (process_request_thread)] Max volume for XAUUSD.r by order_calc_margin: 31.036384107995648 (1 lot margin: 845.96)
[2026-06-18 18:18:58][INFO][Thread-1931 (process_request_thread)] Max volume for XAUUSDm by order_calc_margin: 3.6756182325405455 (1 lot margin: 211.49)
[2026-06-18 18:18:58][WARNING][Thread-1931 (process_request_thread)] [LEVERAGE CAP] Capping maximum volume for XAUUSDm at 3.6756182325405455 based on 95% leverage limit (broker max: 200.0)
[2026-06-18 18:19:19][INFO][Thread-4540 (process_request_thread)] Successfully closed position 256971350.
[2026-06-18 18:19:19][INFO][Thread-1959 (process_request_thread)] Successfully closed position 1224089808.
[2026-06-18 18:19:19][INFO][Thread-1959 (process_request_thread)] Successfully closed position 8382097.
[2026-06-18 18:19:19][INFO][Thread-1959 (process_request_thread)] Successfully closed position 1459659402.
[2026-06-18 18:19:19][INFO][Thread-1959 (process_request_thread)] Successfully closed position 325590019.
[2026-06-18 18:19:19][INFO][Thread-1962 (process_request_thread)] Successfully closed position 1822786432.
[2026-06-18 18:19:19][INFO][Thread-1961 (process_request_thread)] Successfully closed position 1403629009.
[2026-06-18 18:19:19][INFO][Thread-1960 (process_request_thread)] Successfully closed position 1822786437.
[2026-06-18 18:19:19][INFO][Thread-1964 (process_request_thread)] Successfully closed position 1822786434.
[2026-06-18 18:19:24][INFO][Thread-1965 (process_request_thread)] Successfully closed position 1715568844.
[2026-06-18 18:19:24][INFO][Thread-1970 (process_request_thread)] Max volume for XAUUSD by order_calc_margin: 9.354998699486888 (1 lot margin: 422.91)
[2026-06-18 18:19:24][WARNING][Thread-1970 (process_request_thread)] [LEVERAGE CAP] Capping maximum volume for XAUUSD at 9.354998699486888 based on 95% leverage limit (broker max: 100.0)
[2026-06-18 18:19:24][INFO][Thread-1964 (process_request_thread)] Max volume for XAUUSD+ by order_calc_margin: 18.82285356222364 (1 lot margin: 845.82)
[2026-06-18 18:19:24][WARNING][Thread-1964 (process_request_thread)] [LEVERAGE CAP] Capping maximum volume for XAUUSD+ at 18.82285356222364 based on 95% leverage limit (broker max: 100.0)
[2026-06-18 18:19:24][INFO][Thread-1964 (process_request_thread)] Max volume for XAUUSD by order_calc_margin: 1.1814324899503428 (1 lot margin: 2114.5)
[2026-06-18 18:19:24][WARNING][Thread-1964 (process_request_thread)] [LEVERAGE CAP] Capping maximum volume for XAUUSD at 1.1814324899503428 based on 95% leverage limit (broker max: 50.0)
[2026-06-18 18:19:24][INFO][Thread-1964 (process_request_thread)] Max volume for XAUUSD-Z by order_calc_margin: 3.5610904877875766 (1 lot margin: 422.93)
[2026-06-18 18:19:24][WARNING][Thread-1964 (process_request_thread)] [LEVERAGE CAP] Capping maximum volume for XAUUSD-Z at 3.5610904877875766 based on 95% leverage limit (broker max: 25.0)
[2026-06-18 18:19:24][INFO][Thread-4555 (process_request_thread)] Max volume for XAUUSD by order_calc_margin: 58.37324063564132 (1 lot margin: 422.88)
[2026-06-18 18:19:24][WARNING][Thread-4555 (process_request_thread)] [LEVERAGE CAP] Capping maximum volume for XAUUSD at 58.37324063564132 based on 95% leverage limit (broker max: 100.0)
[2026-06-18 18:19:24][INFO][Thread-1967 (process_request_thread)] Max volume for XAUUSDr by order_calc_margin: 8.875697597427166 (1 lot margin: 211.44)
[2026-06-18 18:19:24][INFO][Thread-1965 (process_request_thread)] Max volume for XAUUSDm by order_calc_margin: 3.6711917711042803 (1 lot margin: 211.45)
[2026-06-18 18:19:24][WARNING][Thread-1967 (process_request_thread)] [LEVERAGE CAP] Capping maximum volume for XAUUSDr at 8.875697597427166 based on 95% leverage limit (broker max: 200.0)
[2026-06-18 18:19:24][WARNING][Thread-1965 (process_request_thread)] [LEVERAGE CAP] Capping maximum volume for XAUUSDm at 3.6711917711042803 based on 95% leverage limit (broker max: 200.0)
[2026-06-18 18:19:24][INFO][Thread-1969 (process_request_thread)] Max volume for XAUUSD by order_calc_margin: 7.0703003074012765 (1 lot margin: 211.45)
[2026-06-18 18:19:24][INFO][Thread-1964 (process_request_thread)] Max volume for XAUUSD.r by order_calc_margin: 30.922797082086998 (1 lot margin: 845.81)
[2026-06-18 18:19:24][WARNING][Thread-1969 (process_request_thread)] [LEVERAGE CAP] Capping maximum volume for XAUUSD at 7.0703003074012765 based on 95% leverage limit (broker max: 200.0)
[2026-06-18 18:19:24][INFO][Thread-1966 (process_request_thread)] Max volume for XAUUSD by order_calc_margin: 7.101546538024971 (1 lot margin: 211.44)
[2026-06-18 18:19:24][WARNING][Thread-1966 (process_request_thread)] [LEVERAGE CAP] Capping maximum volume for XAUUSD at 7.101546538024971 based on 95% leverage limit (broker max: 200.0)
[2026-06-18 18:19:37][INFO][Thread-1983 (process_request_thread)] Successfully closed position 1224089812.
[2026-06-18 18:19:37][INFO][Thread-1984 (process_request_thread)] Successfully closed position 1822788906.
[2026-06-18 18:19:37][INFO][Thread-4595 (process_request_thread)] Successfully closed position 256971918.
[2026-06-18 18:19:37][INFO][Thread-1985 (process_request_thread)] Successfully closed position 1403631549.
[2026-06-18 18:19:37][INFO][Thread-1983 (process_request_thread)] Successfully closed position 325590421.
[2026-06-18 18:19:37][INFO][Thread-1988 (process_request_thread)] Successfully closed position 1822788907.
[2026-06-18 18:19:37][INFO][Thread-1983 (process_request_thread)] Successfully closed position 1459661618.
[2026-06-18 18:19:37][INFO][Thread-1983 (process_request_thread)] Successfully closed position 8382130.
[2026-06-18 18:19:37][INFO][Thread-1986 (process_request_thread)] Successfully closed position 1822788905.
[2026-06-18 18:19:37][INFO][Thread-1989 (process_request_thread)] Successfully closed position 1715569763.
[2026-06-18 18:19:41][INFO][Thread-1990 (process_request_thread)] Max volume for XAUUSD.r by order_calc_margin: 30.784692827922154 (1 lot margin: 845.78)
[2026-06-18 18:19:41][INFO][Thread-1990 (process_request_thread)] Max volume for XAUUSD-Z by order_calc_margin: 3.5250478825281975 (1 lot margin: 422.91)
[2026-06-18 18:19:41][WARNING][Thread-1990 (process_request_thread)] [LEVERAGE CAP] Capping maximum volume for XAUUSD-Z at 3.5250478825281975 based on 95% leverage limit (broker max: 25.0)
[2026-06-18 18:19:41][INFO][Thread-1993 (process_request_thread)] Max volume for XAUUSDr by order_calc_margin: 8.834901153991675 (1 lot margin: 211.44)
[2026-06-18 18:19:41][WARNING][Thread-1993 (process_request_thread)] [LEVERAGE CAP] Capping maximum volume for XAUUSDr at 8.834901153991675 based on 95% leverage limit (broker max: 200.0)
[2026-06-18 18:19:41][INFO][Thread-4609 (process_request_thread)] Max volume for XAUUSD by order_calc_margin: 58.1619897838528 (1 lot margin: 422.86)
[2026-06-18 18:19:41][WARNING][Thread-4609 (process_request_thread)] [LEVERAGE CAP] Capping maximum volume for XAUUSD at 58.1619897838528 based on 95% leverage limit (broker max: 100.0)
[2026-06-18 18:19:41][INFO][Thread-1996 (process_request_thread)] Max volume for XAUUSD by order_calc_margin: 9.319767551845635 (1 lot margin: 422.89)
[2026-06-18 18:19:41][WARNING][Thread-1996 (process_request_thread)] [LEVERAGE CAP] Capping maximum volume for XAUUSD at 9.319767551845635 based on 95% leverage limit (broker max: 100.0)
[2026-06-18 18:19:41][INFO][Thread-1991 (process_request_thread)] Max volume for XAUUSDm by order_calc_margin: 3.647777147181233 (1 lot margin: 211.44)
[2026-06-18 18:19:41][WARNING][Thread-1991 (process_request_thread)] [LEVERAGE CAP] Capping maximum volume for XAUUSDm at 3.647777147181233 based on 95% leverage limit (broker max: 200.0)
[2026-06-18 18:19:41][INFO][Thread-1990 (process_request_thread)] Max volume for XAUUSD+ by order_calc_margin: 18.720328572442007 (1 lot margin: 845.78)
[2026-06-18 18:19:41][WARNING][Thread-1990 (process_request_thread)] [LEVERAGE CAP] Capping maximum volume for XAUUSD+ at 18.720328572442007 based on 95% leverage limit (broker max: 100.0)
[2026-06-18 18:19:41][INFO][Thread-1990 (process_request_thread)] Max volume for XAUUSD by order_calc_margin: 1.1772644512019217 (1 lot margin: 2114.53)
[2026-06-18 18:19:41][WARNING][Thread-1990 (process_request_thread)] [LEVERAGE CAP] Capping maximum volume for XAUUSD at 1.1772644512019217 based on 95% leverage limit (broker max: 50.0)
[2026-06-18 18:19:41][INFO][Thread-1992 (process_request_thread)] Max volume for XAUUSD by order_calc_margin: 7.069421585319712 (1 lot margin: 211.44)
[2026-06-18 18:19:41][WARNING][Thread-1992 (process_request_thread)] [LEVERAGE CAP] Capping maximum volume for XAUUSD at 7.069421585319712 based on 95% leverage limit (broker max: 200.0)
[2026-06-18 18:19:41][INFO][Thread-1995 (process_request_thread)] Max volume for XAUUSD by order_calc_margin: 7.035948732500946 (1 lot margin: 211.44)
[2026-06-18 18:19:41][WARNING][Thread-1995 (process_request_thread)] [LEVERAGE CAP] Capping maximum volume for XAUUSD at 7.035948732500946 based on 95% leverage limit (broker max: 200.0)
[2026-06-18 18:19:48][INFO][Thread-1999 (process_request_thread)] Successfully closed position 8382134.
[2026-06-18 18:19:48][INFO][Thread-4628 (process_request_thread)] Successfully closed position 256972050.
[2026-06-18 18:19:48][INFO][Thread-2004 (process_request_thread)] Successfully closed position 1822789899.
[2026-06-18 18:19:48][INFO][Thread-1999 (process_request_thread)] Successfully closed position 325590568.
[2026-06-18 18:19:48][INFO][Thread-1999 (process_request_thread)] Successfully closed position 1224089835.
[2026-06-18 18:19:48][INFO][Thread-1999 (process_request_thread)] Successfully closed position 1459662501.
[2026-06-18 18:19:48][INFO][Thread-2000 (process_request_thread)] Successfully closed position 1822789897.
[2026-06-18 18:19:48][INFO][Thread-2002 (process_request_thread)] Successfully closed position 1822789895.
[2026-06-18 18:19:48][INFO][Thread-2001 (process_request_thread)] Successfully closed position 1403632826.
[2026-06-18 18:19:48][INFO][Thread-2005 (process_request_thread)] Successfully closed position 1715570051.
[2026-06-18 18:19:53][INFO][Thread-2006 (process_request_thread)] Max volume for XAUUSD by order_calc_margin: 1.1672048579089995 (1 lot margin: 2114.49)
[2026-06-18 18:19:53][INFO][Thread-2007 (process_request_thread)] Max volume for XAUUSDm by order_calc_margin: 3.6410002364625202 (1 lot margin: 211.45)
[2026-06-18 18:19:53][WARNING][Thread-2007 (process_request_thread)] [LEVERAGE CAP] Capping maximum volume for XAUUSDm at 3.6410002364625202 based on 95% leverage limit (broker max: 200.0)
[2026-06-18 18:19:53][WARNING][Thread-2006 (process_request_thread)] [LEVERAGE CAP] Capping maximum volume for XAUUSD at 1.1672048579089995 based on 95% leverage limit (broker max: 50.0)
[2026-06-18 18:19:53][INFO][Thread-2008 (process_request_thread)] Max volume for XAUUSD by order_calc_margin: 7.068837495270526 (1 lot margin: 211.44)
[2026-06-18 18:19:53][WARNING][Thread-2008 (process_request_thread)] [LEVERAGE CAP] Capping maximum volume for XAUUSD at 7.068837495270526 based on 95% leverage limit (broker max: 200.0)
[2026-06-18 18:19:53][INFO][Thread-4642 (process_request_thread)] Max volume for XAUUSD by order_calc_margin: 57.94065389618067 (1 lot margin: 422.85)
[2026-06-18 18:19:53][INFO][Thread-2006 (process_request_thread)] Max volume for XAUUSD.r by order_calc_margin: 30.687526159594213 (1 lot margin: 845.77)
[2026-06-18 18:19:53][INFO][Thread-2012 (process_request_thread)] Max volume for XAUUSD by order_calc_margin: 9.323065645100264 (1 lot margin: 422.88)
[2026-06-18 18:19:53][WARNING][Thread-4642 (process_request_thread)] [LEVERAGE CAP] Capping maximum volume for XAUUSD at 57.94065389618067 based on 95% leverage limit (broker max: 100.0)
[2026-06-18 18:19:53][WARNING][Thread-2012 (process_request_thread)] [LEVERAGE CAP] Capping maximum volume for XAUUSD at 9.323065645100264 based on 95% leverage limit (broker max: 100.0)
[2026-06-18 18:19:53][INFO][Thread-2006 (process_request_thread)] Max volume for XAUUSD-Z by order_calc_margin: 3.499349743444231 (1 lot margin: 422.91)
[2026-06-18 18:19:53][INFO][Thread-2009 (process_request_thread)] Max volume for XAUUSDr by order_calc_margin: 8.834137343927354 (1 lot margin: 211.44)
[2026-06-18 18:19:53][WARNING][Thread-2006 (process_request_thread)] [LEVERAGE CAP] Capping maximum volume for XAUUSD-Z at 3.499349743444231 based on 95% leverage limit (broker max: 25.0)
[2026-06-18 18:19:53][WARNING][Thread-2009 (process_request_thread)] [LEVERAGE CAP] Capping maximum volume for XAUUSDr at 8.834137343927354 based on 95% leverage limit (broker max: 200.0)
[2026-06-18 18:19:53][INFO][Thread-2006 (process_request_thread)] Max volume for XAUUSD+ by order_calc_margin: 18.626871962826772 (1 lot margin: 845.77)
[2026-06-18 18:19:53][WARNING][Thread-2006 (process_request_thread)] [LEVERAGE CAP] Capping maximum volume for XAUUSD+ at 18.626871962826772 based on 95% leverage limit (broker max: 100.0)
[2026-06-18 18:19:53][INFO][Thread-2011 (process_request_thread)] Max volume for XAUUSD by order_calc_margin: 7.032471033341215 (1 lot margin: 211.45)
[2026-06-18 18:19:53][WARNING][Thread-2011 (process_request_thread)] [LEVERAGE CAP] Capping maximum volume for XAUUSD at 7.032471033341215 based on 95% leverage limit (broker max: 200.0)
[2026-06-18 18:20:03][INFO][Thread-4669 (process_request_thread)] Successfully closed position 256972152.
[2026-06-18 18:20:03][INFO][Thread-2017 (process_request_thread)] Successfully closed position 1224089867.
[2026-06-18 18:20:03][INFO][Thread-2017 (process_request_thread)] Successfully closed position 325590664.
[2026-06-18 18:20:03][INFO][Thread-2017 (process_request_thread)] Successfully closed position 8382137.
[2026-06-18 18:20:03][INFO][Thread-2017 (process_request_thread)] Successfully closed position 1459662945.
[2026-06-18 18:20:03][INFO][Thread-2019 (process_request_thread)] Successfully closed position 1403634173.
[2026-06-18 18:20:03][INFO][Thread-2018 (process_request_thread)] Successfully closed position 1822790610.
[2026-06-18 18:20:03][INFO][Thread-2020 (process_request_thread)] Successfully closed position 1822790611.
[2026-06-18 18:20:03][INFO][Thread-2022 (process_request_thread)] Successfully closed position 1822790612.
[2026-06-18 18:20:03][INFO][Thread-2023 (process_request_thread)] Successfully closed position 1715570233.
[2026-06-18 18:20:08][INFO][Thread-2026 (process_request_thread)] Max volume for XAUUSD.r by order_calc_margin: 30.258480759679287 (1 lot margin: 845.62)
[2026-06-18 18:20:08][INFO][Thread-2028 (process_request_thread)] Max volume for XAUUSD by order_calc_margin: 6.953573962817541 (1 lot margin: 211.39)
[2026-06-18 18:20:08][WARNING][Thread-2028 (process_request_thread)] [LEVERAGE CAP] Capping maximum volume for XAUUSD at 6.953573962817541 based on 95% leverage limit (broker max: 200.0)
[2026-06-18 18:20:08][INFO][Thread-2029 (process_request_thread)] Max volume for XAUUSDr by order_calc_margin: 8.687743034202185 (1 lot margin: 211.39)
[2026-06-18 18:20:08][WARNING][Thread-2029 (process_request_thread)] [LEVERAGE CAP] Capping maximum volume for XAUUSDr at 8.687743034202185 based on 95% leverage limit (broker max: 200.0)
[2026-06-18 18:20:08][INFO][Thread-2027 (process_request_thread)] Max volume for XAUUSDm by order_calc_margin: 3.5725662251655628 (1 lot margin: 211.4)
[2026-06-18 18:20:08][WARNING][Thread-2027 (process_request_thread)] [LEVERAGE CAP] Capping maximum volume for XAUUSDm at 3.5725662251655628 based on 95% leverage limit (broker max: 200.0)
[2026-06-18 18:20:08][INFO][Thread-2032 (process_request_thread)] Max volume for XAUUSD by order_calc_margin: 9.185273178807945 (1 lot margin: 422.8)
[2026-06-18 18:20:08][WARNING][Thread-2032 (process_request_thread)] [LEVERAGE CAP] Capping maximum volume for XAUUSD at 9.185273178807945 based on 95% leverage limit (broker max: 100.0)
[2026-06-18 18:20:08][INFO][Thread-2031 (process_request_thread)] Max volume for XAUUSD by order_calc_margin: 6.914597918637654 (1 lot margin: 211.4)
[2026-06-18 18:20:08][WARNING][Thread-2031 (process_request_thread)] [LEVERAGE CAP] Capping maximum volume for XAUUSD at 6.914597918637654 based on 95% leverage limit (broker max: 200.0)
[2026-06-18 18:20:08][INFO][Thread-2026 (process_request_thread)] Max volume for XAUUSD-Z by order_calc_margin: 3.40487441464453 (1 lot margin: 422.82)
[2026-06-18 18:20:08][WARNING][Thread-2026 (process_request_thread)] [LEVERAGE CAP] Capping maximum volume for XAUUSD-Z at 3.40487441464453 based on 95% leverage limit (broker max: 25.0)
[2026-06-18 18:20:08][INFO][Thread-2026 (process_request_thread)] Max volume for XAUUSD+ by order_calc_margin: 18.366400789943594 (1 lot margin: 845.63)
[2026-06-18 18:20:08][WARNING][Thread-2026 (process_request_thread)] [LEVERAGE CAP] Capping maximum volume for XAUUSD+ at 18.366400789943594 based on 95% leverage limit (broker max: 100.0)
[2026-06-18 18:20:08][INFO][Thread-2026 (process_request_thread)] Max volume for XAUUSD by order_calc_margin: 1.1504652295873716 (1 lot margin: 2114.01)
[2026-06-18 18:20:08][WARNING][Thread-2026 (process_request_thread)] [LEVERAGE CAP] Capping maximum volume for XAUUSD at 1.1504652295873716 based on 95% leverage limit (broker max: 50.0)
[2026-06-18 18:20:08][INFO][Thread-4687 (process_request_thread)] Max volume for XAUUSD by order_calc_margin: 57.25456620464544 (1 lot margin: 422.78)
[2026-06-18 18:20:08][WARNING][Thread-4687 (process_request_thread)] [LEVERAGE CAP] Capping maximum volume for XAUUSD at 57.25456620464544 based on 95% leverage limit (broker max: 100.0)
[2026-06-18 18:20:14][INFO][Thread-4705 (process_request_thread)] Successfully closed position 256972444.
[2026-06-18 18:20:14][INFO][Thread-2035 (process_request_thread)] Successfully closed position 1224089886.
[2026-06-18 18:20:14][INFO][Thread-2035 (process_request_thread)] Successfully closed position 8382149.
[2026-06-18 18:20:14][INFO][Thread-2035 (process_request_thread)] Successfully closed position 325590856.
[2026-06-18 18:20:14][INFO][Thread-2038 (process_request_thread)] Successfully closed position 1822791983.
[2026-06-18 18:20:14][INFO][Thread-2035 (process_request_thread)] Successfully closed position 1459664238.
[2026-06-18 18:20:14][INFO][Thread-2040 (process_request_thread)] Successfully closed position 1822791985.
[2026-06-18 18:20:14][INFO][Thread-2037 (process_request_thread)] Successfully closed position 1403635692.
[2026-06-18 18:20:14][INFO][Thread-2036 (process_request_thread)] Successfully closed position 1822791984.
[2026-06-18 18:20:14][INFO][Thread-2041 (process_request_thread)] Successfully closed position 1715570940.
